#-----------------------------------------------------------
# Vivado v2016.4 (64-bit)
# SW Build 1733598 on Wed Dec 14 22:35:39 MST 2016
# IP Build 1731160 on Wed Dec 14 23:47:21 MST 2016
# Start of session at: Sat Mar 25 11:00:26 2017
# Process ID: 11500
# Current directory: C:/work/EyeTracker/designs/FPGA/project_1
# Command line: vivado.exe -gui_launcher_event rodinguilauncherevent11852 C:\work\EyeTracker\designs\FPGA\project_1\project_1.xpr
# Log file: C:/work/EyeTracker/designs/FPGA/project_1/vivado.log
# Journal file: C:/work/EyeTracker/designs/FPGA/project_1\vivado.jou
#-----------------------------------------------------------
start_gui
open_project C:/work/EyeTracker/designs/FPGA/project_1/project_1.xpr
launch_simulation
source SIM_TOP.tcl
launch_simulation
close_sim
launch_simulation
source SIM_TOP.tcl
run 10ms
add_wave {{/SIM_TOP/m_TOP/m_MEMA0/dinb}} 
add_wave {{/SIM_TOP/m_TOP/m_MEMA0/enb}} 
add_wave {{/SIM_TOP/m_TOP/m_MEMA0/addrb}} 
save_wave_config {C:/work/EyeTracker/designs/FPGA/project_1/SIM_TOP_behav.wcfg}
add_files -fileset sim_1 -norecurse C:/work/EyeTracker/designs/FPGA/project_1/SIM_TOP_behav.wcfg
set_property xsim.view C:/work/EyeTracker/designs/FPGA/project_1/SIM_TOP_behav.wcfg [get_filesets sim_1]
close_sim
launch_simulation
launch_simulation
launch_simulation
open_wave_config C:/work/EyeTracker/designs/FPGA/project_1/SIM_TOP_behav.wcfg
source SIM_TOP.tcl
10ms
run 10ms
